[templates/pard-protostar/favicon.ico]
[media/jui/js/jquery.min3d2b.js]
[index.php/component/search/index4189.html]
[media/jui/js/jquery-noconflict3d2b.js]
[media/jui/js/jquery-migrate.min3d2b.js]
[media/system/js/caption3d2b.js]
[media/jui/js/bootstrap.min3d2b.js]
[templates/pard-protostar/js/template3d2b.js]
[images/pard/pard_logo_white.png]
[images/pard/pard_logo_detail.png]
[index-2.html]
[media/jui/fonts/IcoMoon.eot]
[media/jui/fonts/IcoMoond41d.eot]
[media/jui/fonts/IcoMoon.woff]
[media/jui/fonts/IcoMoon.ttf]
[images/pard/pard_logo_detail-long.png]
[templates/pard-protostar/css/template3d2b.css]
[images/pard/pard_logo.png]
[index.php/workshop/about.html]
[index.php/workshop/schedule.html]
[index.php/workshop/hotel-travel.html]
[index.php/workshop/people.html]
[index.php/component/search/index6e14.html]
[index.php/component/search/index6120.html]
[index.php/reference.html]
[index.php/component/search/indexd573.html]
[index.php/component/search/index66cd.html]
[index.php/component/search/index2e95.html]
[index.php/report.html]
[media/jui/fonts/IcoMoon.svg]
[index.php/component/search/index77de.html]
[FinalReport/Workshop_Report_v4.html]
